=========================================
Affirm Name Backend - API Tests
Base URL: http://localhost:8083
=========================================

1. Health Check
   GET http://localhost:8083/health
{
  "status": "ok",
  "timestamp": "2025-11-16T19:50:49.312202Z",
  "version": "1.0.0",
  "database": "connected"
}

2. Meta - Year Range
   GET http://localhost:8083/api/meta/years
{
  "min_year": 1880,
  "max_year": 2024
}

3. Meta - Countries
   GET http://localhost:8083/api/meta/countries
3
   Countries available

4. Top 10 Most Popular Names (All Time)
   GET http://localhost:8083/api/names?top_n=10
[
  {
    "rank": 1,
    "name": "James",
    "total_count": 5256880
  },
  {
    "rank": 2,
    "name": "John",
    "total_count": 5187816
  },
  {
    "rank": 3,
    "name": "Robert",
    "total_count": 4863346
  },
  {
    "rank": 4,
    "name": "Michael",
    "total_count": 4439943
  },
  {
    "rank": 5,
    "name": "William",
    "total_count": 4197694
  }
]
   (showing top 5 of 10)

5. Unisex Names (48-52% gender balance)
   GET http://localhost:8083/api/names?gender_balance_min=48&gender_balance_max=52&page_size=5
jq: error (at <stdin>:0): Cannot iterate over null (null)
